                              1 ;--------------------------------------------------------
                              2 ; File Created by SDCC : FreeWare ANSI-C Compiler
                              3 ; Version 2.6.0 #4309 (Nov 10 2006)
                              4 ; This file generated Wed Jan 23 16:41:20 2008
                              5 ;--------------------------------------------------------
                              6 	.module usrp_gpif
                              7 	.optsdcc -mmcs51 --model-small
                              8 	
                              9 ;--------------------------------------------------------
                             10 ; Public variables in this module
                             11 ;--------------------------------------------------------
                             12 	.globl _InitData
                             13 	.globl _FlowStates
                             14 	.globl _WaveData
                             15 ;--------------------------------------------------------
                             16 ; special function registers
                             17 ;--------------------------------------------------------
                             18 	.area RSEG    (DATA)
                             19 ;--------------------------------------------------------
                             20 ; special function bits
                             21 ;--------------------------------------------------------
                             22 	.area RSEG    (DATA)
                             23 ;--------------------------------------------------------
                             24 ; overlayable register banks
                             25 ;--------------------------------------------------------
                             26 	.area REG_BANK_0	(REL,OVR,DATA)
   0000                      27 	.ds 8
                             28 ;--------------------------------------------------------
                             29 ; internal ram data
                             30 ;--------------------------------------------------------
                             31 	.area DSEG    (DATA)
                             32 ;--------------------------------------------------------
                             33 ; overlayable items in internal ram 
                             34 ;--------------------------------------------------------
                             35 	.area OSEG    (OVR,DATA)
                             36 ;--------------------------------------------------------
                             37 ; indirectly addressable internal ram data
                             38 ;--------------------------------------------------------
                             39 	.area ISEG    (DATA)
                             40 ;--------------------------------------------------------
                             41 ; bit data
                             42 ;--------------------------------------------------------
                             43 	.area BSEG    (BIT)
                             44 ;--------------------------------------------------------
                             45 ; paged external ram data
                             46 ;--------------------------------------------------------
                             47 	.area PSEG    (PAG,XDATA)
                             48 ;--------------------------------------------------------
                             49 ; external ram data
                             50 ;--------------------------------------------------------
                             51 	.area XSEG    (XDATA)
                             52 ;--------------------------------------------------------
                             53 ; external initialized ram data
                             54 ;--------------------------------------------------------
                             55 	.area HOME    (CODE)
                             56 	.area GSINIT0 (CODE)
                             57 	.area GSINIT1 (CODE)
                             58 	.area GSINIT2 (CODE)
                             59 	.area GSINIT3 (CODE)
                             60 	.area GSINIT4 (CODE)
                             61 	.area GSINIT5 (CODE)
                             62 	.area GSINIT  (CODE)
                             63 	.area GSFINAL (CODE)
                             64 	.area CSEG    (CODE)
                             65 ;--------------------------------------------------------
                             66 ; global & static initialisations
                             67 ;--------------------------------------------------------
                             68 	.area HOME    (CODE)
                             69 	.area GSINIT  (CODE)
                             70 	.area GSFINAL (CODE)
                             71 	.area GSINIT  (CODE)
                             72 ;--------------------------------------------------------
                             73 ; Home
                             74 ;--------------------------------------------------------
                             75 	.area HOME    (CODE)
                             76 	.area CSEG    (CODE)
                             77 ;--------------------------------------------------------
                             78 ; code
                             79 ;--------------------------------------------------------
                             80 	.area CSEG    (CODE)
                             81 	.area CSEG    (CODE)
                             82 	.area CONST   (CODE)
   0000                      83 _WaveData:
   0000 01                   84 	.db #0x01
   0001 01                   85 	.db #0x01
   0002 01                   86 	.db #0x01
   0003 01                   87 	.db #0x01
   0004 01                   88 	.db #0x01
   0005 01                   89 	.db #0x01
   0006 01                   90 	.db #0x01
   0007 07                   91 	.db #0x07
   0008 00                   92 	.db #0x00
   0009 00                   93 	.db #0x00
   000A 00                   94 	.db #0x00
   000B 00                   95 	.db #0x00
   000C 00                   96 	.db #0x00
   000D 00                   97 	.db #0x00
   000E 00                   98 	.db #0x00
   000F 00                   99 	.db #0x00
   0010 00                  100 	.db #0x00
   0011 00                  101 	.db #0x00
   0012 00                  102 	.db #0x00
   0013 00                  103 	.db #0x00
   0014 00                  104 	.db #0x00
   0015 00                  105 	.db #0x00
   0016 00                  106 	.db #0x00
   0017 00                  107 	.db #0x00
   0018 00                  108 	.db #0x00
   0019 00                  109 	.db #0x00
   001A 00                  110 	.db #0x00
   001B 00                  111 	.db #0x00
   001C 00                  112 	.db #0x00
   001D 00                  113 	.db #0x00
   001E 00                  114 	.db #0x00
   001F 3F                  115 	.db #0x3F
   0020 01                  116 	.db #0x01
   0021 3F                  117 	.db #0x3F
   0022 01                  118 	.db #0x01
   0023 01                  119 	.db #0x01
   0024 01                  120 	.db #0x01
   0025 01                  121 	.db #0x01
   0026 01                  122 	.db #0x01
   0027 07                  123 	.db #0x07
   0028 22                  124 	.db #0x22
   0029 03                  125 	.db #0x03
   002A 02                  126 	.db #0x02
   002B 02                  127 	.db #0x02
   002C 02                  128 	.db #0x02
   002D 02                  129 	.db #0x02
   002E 02                  130 	.db #0x02
   002F 00                  131 	.db #0x00
   0030 00                  132 	.db #0x00
   0031 01                  133 	.db #0x01
   0032 01                  134 	.db #0x01
   0033 01                  135 	.db #0x01
   0034 01                  136 	.db #0x01
   0035 01                  137 	.db #0x01
   0036 01                  138 	.db #0x01
   0037 00                  139 	.db #0x00
   0038 00                  140 	.db #0x00
   0039 00                  141 	.db #0x00
   003A 00                  142 	.db #0x00
   003B 00                  143 	.db #0x00
   003C 00                  144 	.db #0x00
   003D 00                  145 	.db #0x00
   003E 00                  146 	.db #0x00
   003F 3F                  147 	.db #0x3F
   0040 01                  148 	.db #0x01
   0041 11                  149 	.db #0x11
   0042 01                  150 	.db #0x01
   0043 3F                  151 	.db #0x3F
   0044 01                  152 	.db #0x01
   0045 01                  153 	.db #0x01
   0046 01                  154 	.db #0x01
   0047 07                  155 	.db #0x07
   0048 00                  156 	.db #0x00
   0049 03                  157 	.db #0x03
   004A 00                  158 	.db #0x00
   004B 01                  159 	.db #0x01
   004C 00                  160 	.db #0x00
   004D 00                  161 	.db #0x00
   004E 00                  162 	.db #0x00
   004F 00                  163 	.db #0x00
   0050 06                  164 	.db #0x06
   0051 04                  165 	.db #0x04
   0052 04                  166 	.db #0x04
   0053 00                  167 	.db #0x00
   0054 00                  168 	.db #0x00
   0055 00                  169 	.db #0x00
   0056 00                  170 	.db #0x00
   0057 00                  171 	.db #0x00
   0058 00                  172 	.db #0x00
   0059 2D                  173 	.db #0x2D
   005A 00                  174 	.db #0x00
   005B 2D                  175 	.db #0x2D
   005C 00                  176 	.db #0x00
   005D 00                  177 	.db #0x00
   005E 00                  178 	.db #0x00
   005F 3F                  179 	.db #0x3F
   0060 01                  180 	.db #0x01
   0061 39                  181 	.db #0x39
   0062 01                  182 	.db #0x01
   0063 01                  183 	.db #0x01
   0064 01                  184 	.db #0x01
   0065 01                  185 	.db #0x01
   0066 01                  186 	.db #0x01
   0067 07                  187 	.db #0x07
   0068 00                  188 	.db #0x00
   0069 03                  189 	.db #0x03
   006A 02                  190 	.db #0x02
   006B 02                  191 	.db #0x02
   006C 02                  192 	.db #0x02
   006D 02                  193 	.db #0x02
   006E 02                  194 	.db #0x02
   006F 00                  195 	.db #0x00
   0070 00                  196 	.db #0x00
   0071 00                  197 	.db #0x00
   0072 00                  198 	.db #0x00
   0073 00                  199 	.db #0x00
   0074 00                  200 	.db #0x00
   0075 00                  201 	.db #0x00
   0076 00                  202 	.db #0x00
   0077 00                  203 	.db #0x00
   0078 00                  204 	.db #0x00
   0079 2D                  205 	.db #0x2D
   007A 00                  206 	.db #0x00
   007B 00                  207 	.db #0x00
   007C 00                  208 	.db #0x00
   007D 00                  209 	.db #0x00
   007E 00                  210 	.db #0x00
   007F 3F                  211 	.db #0x3F
   0080                     212 _FlowStates:
   0080 00                  213 	.db #0x00
   0081 00                  214 	.db #0x00
   0082 00                  215 	.db #0x00
   0083 00                  216 	.db #0x00
   0084 00                  217 	.db #0x00
   0085 00                  218 	.db #0x00
   0086 00                  219 	.db #0x00
   0087 00                  220 	.db #0x00
   0088 00                  221 	.db #0x00
   0089 00                  222 	.db #0x00
   008A 00                  223 	.db #0x00
   008B 00                  224 	.db #0x00
   008C 00                  225 	.db #0x00
   008D 00                  226 	.db #0x00
   008E 00                  227 	.db #0x00
   008F 00                  228 	.db #0x00
   0090 00                  229 	.db #0x00
   0091 00                  230 	.db #0x00
   0092 81                  231 	.db #0x81
   0093 2D                  232 	.db #0x2D
   0094 26                  233 	.db #0x26
   0095 00                  234 	.db #0x00
   0096 04                  235 	.db #0x04
   0097 04                  236 	.db #0x04
   0098 03                  237 	.db #0x03
   0099 02                  238 	.db #0x02
   009A 00                  239 	.db #0x00
   009B 81                  240 	.db #0x81
   009C 2D                  241 	.db #0x2D
   009D 21                  242 	.db #0x21
   009E 00                  243 	.db #0x00
   009F 04                  244 	.db #0x04
   00A0 04                  245 	.db #0x04
   00A1 03                  246 	.db #0x03
   00A2 02                  247 	.db #0x02
   00A3 00                  248 	.db #0x00
   00A4                     249 _InitData:
   00A4 A0                  250 	.db #0xA0
   00A5 00                  251 	.db #0x00
   00A6 00                  252 	.db #0x00
   00A7 00                  253 	.db #0x00
   00A8 EE                  254 	.db #0xEE
   00A9 4E                  255 	.db #0x4E
   00AA 00                  256 	.db #0x00
